
> portfolio@0.1.1 build
> next build

Γû▓ Next.js 16.1.1 (Turbopack)

  Creating an optimized production build ...
